{
  "query": "random test query",
  "sport": "NFL",
  "breakdown": {
    "by": "season",
    "values": [
      {
        "count": 4,
        "return": -2.090909090909091,
        "min": -2.090909090909091,
        "max": 0.9090909090909092,
        "maxPositiveStreak": 1,
        "maxNegativeStreak": 2,
        "breakdownValue": "2011",
        "yield": -0.5227272727272727,
        "averageOdd": 1.9090909090909092
      },
      {
        "count": 5,
        "return": 2.6363636363636367,
        "min": 0.8181818181818183,
        "max": 2.6363636363636367,
        "maxPositiveStreak": 2,
        "maxNegativeStreak": 1,
        "breakdownValue": "2012",
        "yield": 0.5272727272727273,
        "averageOdd": 1.9090909090909094
      },
      {
        "count": 4,
        "return": 1.7272727272727275,
        "min": 0.9090909090909092,
        "max": 2.7272727272727275,
        "maxPositiveStreak": 3,
        "maxNegativeStreak": 1,
        "breakdownValue": "2013",
        "yield": 0.4318181818181819,
        "averageOdd": 1.9090909090909092
      },
      {
        "count": 7,
        "return": 0.6363636363636367,
        "min": -1,
        "max": 1.7272727272727275,
        "maxPositiveStreak": 3,
        "maxNegativeStreak": 2,
        "breakdownValue": "2014",
        "yield": 0.09090909090909095,
        "averageOdd": 1.9090909090909096
      },
      {
        "count": 2,
        "return": 1.8181818181818183,
        "min": 0.9090909090909092,
        "max": 1.8181818181818183,
        "maxPositiveStreak": 2,
        "maxNegativeStreak": 0,
        "breakdownValue": "2015",
        "yield": 0.9090909090909092,
        "averageOdd": 1.9090909090909092
      },
      {
        "count": 3,
        "return": -0.09090909090909083,
        "min": -0.09090909090909083,
        "max": 0.9090909090909092,
        "maxPositiveStreak": 1,
        "maxNegativeStreak": 1,
        "breakdownValue": "2016",
        "yield": -0.030303030303030276,
        "averageOdd": 1.9090909090909092
      }
    ]
  },
  "summary": {
    "count": 4.166666666666667,
    "return": 0.7727272727272729,
    "minBankroll": -2.090909090909091,
    "worstReturn": -2.090909090909091,
    "bestReturn": 2.6363636363636367,
    "losingSeason": 2,
    "averageOdd": 1.9090909090909094,
    "yield": 0.18545454545454548,
    "returnSharpeRatio": 0.4980649250126906,
    "countSharpeRatio": 2.6499947000159,
    "countParameters": 2,
    "type": "ON"
  }
}