{
  "query": "random test query",
  "sport": "NFL",
  "breakdown": {
    "by": "season",
    "values": [
      {
        "count": 4,
        "return": 1.7272727272727275,
        "min": -1,
        "max": 1.7272727272727275,
        "maxPositiveStreak": 2,
        "maxNegativeStreak": 1,
        "breakdownValue": "2011",
        "yield": 0.4318181818181819,
        "averageOdd": 1.9090909090909092
      },
      {
        "count": 5,
        "return": -3.090909090909091,
        "min": -3.090909090909091,
        "max": -1,
        "maxPositiveStreak": 1,
        "maxNegativeStreak": 2,
        "breakdownValue": "2012",
        "yield": -0.6181818181818182,
        "averageOdd": 1.9090909090909094
      },
      {
        "count": 4,
        "return": -2.090909090909091,
        "min": -3,
        "max": -1,
        "maxPositiveStreak": 1,
        "maxNegativeStreak": 3,
        "breakdownValue": "2013",
        "yield": -0.5227272727272727,
        "averageOdd": 1.9090909090909092
      },
      {
        "count": 7,
        "return": -1.2727272727272725,
        "min": -2.090909090909091,
        "max": 0.9090909090909092,
        "maxPositiveStreak": 2,
        "maxNegativeStreak": 3,
        "breakdownValue": "2014",
        "yield": -0.1818181818181818,
        "averageOdd": 1.9090909090909096
      },
      {
        "count": 2,
        "return": -2,
        "min": -2,
        "max": -1,
        "maxPositiveStreak": 0,
        "maxNegativeStreak": 2,
        "breakdownValue": "2015",
        "yield": -1,
        "averageOdd": 1.9090909090909092
      },
      {
        "count": 3,
        "return": -0.09090909090909083,
        "min": -1,
        "max": 0,
        "maxPositiveStreak": 1,
        "maxNegativeStreak": 1,
        "breakdownValue": "2016",
        "yield": -0.030303030303030276,
        "averageOdd": 1.9090909090909092
      }
    ]
  },
  "summary": {
    "count": 4.166666666666667,
    "return": -1.1363636363636362,
    "minBankroll": -3.090909090909091,
    "worstReturn": -3.090909090909091,
    "bestReturn": 1.7272727272727275,
    "losingSeason": 5,
    "averageOdd": 1.9090909090909094,
    "yield": -0.27272727272727265,
    "returnSharpeRatio": -0.7238020133768039,
    "countSharpeRatio": 2.6499947000159,
    "countParameters": 2,
    "type": "AGAINST"
  }
}